<?xml version="1.0" encoding="utf-8"?><testsuites name="pytest tests"><testsuite name="pytest" errors="0" failures="0" skipped="0" tests="468" time="14.573" timestamp="2026-04-06T21:47:48.877895+00:00" hostname="bmax-b9"><testcase classname="tests.test_api_eu_tickers" name="test_fundamentals_eu_200" time="0.160" /><testcase classname="tests.test_api_eu_tickers" name="test_fundamentals_eu_data_source_field" time="0.020" /><testcase classname="tests.test_api_eu_tickers" name="test_fundamentals_eu_has_per_year" time="0.018" /><testcase classname="tests.test_api_eu_tickers" name="test_fundamentals_eu_revenue_not_null" time="0.017" /><testcase classname="tests.test_api_eu_tickers" name="test_fundamentals_eu_no_price_ratio" time="0.018" /><testcase classname="tests.test_api_eu_tickers" name="test_fundamentals_na_data_source_field" time="0.020" /><testcase classname="tests.test_api_eu_tickers" name="test_gmr_long_eu_200" time="0.108" /><testcase classname="tests.test_api_eu_tickers" name="test_gmr_long_eu_data_source" time="0.021" /><testcase classname="tests.test_api_eu_tickers" name="test_gmr_long_eu_has_gmr_ratio" time="0.021" /><testcase classname="tests.test_api_eu_tickers" name="test_valuation_eu_200" time="0.021" /><testcase classname="tests.test_api_eu_tickers" name="test_valuation_eu_data_source" time="0.015" /><testcase classname="tests.test_api_eu_tickers" name="test_prices_eu_404" time="0.010" /><testcase classname="tests.test_api_eu_tickers" name="test_ticker_search_eu_results" time="0.009" /><testcase classname="tests.test_api_eu_tickers" name="test_ticker_search_eu_data_source" time="0.007" /><testcase classname="tests.test_api_eu_tickers" name="test_ticker_search_eu_ticker_field" time="0.008" /><testcase classname="tests.test_api_eu_tickers" name="test_gmr_data_eu_200" time="0.014" /><testcase classname="tests.test_api_eu_tickers" name="test_gmr_data_eu_data_source" time="0.011" /><testcase classname="tests.test_api_eu_tickers" name="test_gmr_data_eu_no_price" time="0.013" /><testcase classname="tests.test_api_eu_tickers" name="test_sparse_fundamentals_200" time="0.022" /><testcase classname="tests.test_api_eu_tickers" name="test_sparse_fundamentals_has_revenue" time="0.020" /><testcase classname="tests.test_api_eu_tickers" name="test_sparse_gmr_long_200" time="0.021" /><testcase classname="tests.test_api_eu_tickers" name="test_sparse_gmr_data_200" time="0.014" /><testcase classname="tests.test_api_eu_tickers" name="test_sparse_valuation_200" time="0.014" /><testcase classname="tests.test_api_fundamentals" name="test_full_returns_200" time="0.015" /><testcase classname="tests.test_api_fundamentals" name="test_summary_returns_200" time="0.014" /><testcase classname="tests.test_api_fundamentals" name="test_unknown_ticker_returns_404" time="0.008" /><testcase classname="tests.test_api_fundamentals" name="test_empty_filings_returns_404" time="0.009" /><testcase classname="tests.test_api_fundamentals" name="test_404_detail_message_is_informative" time="0.009" /><testcase classname="tests.test_api_fundamentals" name="test_top_level_keys_full" time="0.025" /><testcase classname="tests.test_api_fundamentals" name="test_summary_only_has_ticker_and_ratios" time="0.020" /><testcase classname="tests.test_api_fundamentals" name="test_ticker_uppercased" time="0.017" /><testcase classname="tests.test_api_fundamentals" name="test_lowercase_url_uppercased" time="0.026" /><testcase classname="tests.test_api_fundamentals" name="test_ratios_summary_has_all_keys" time="0.024" /><testcase classname="tests.test_api_fundamentals" name="test_avg_pe_value" time="0.019" /><testcase classname="tests.test_api_fundamentals" name="test_avg_pb_value" time="0.023" /><testcase classname="tests.test_api_fundamentals" name="test_avg_ps_value" time="0.020" /><testcase classname="tests.test_api_fundamentals" name="test_avg_roe_value" time="0.019" /><testcase classname="tests.test_api_fundamentals" name="test_avg_roa_value" time="0.020" /><testcase classname="tests.test_api_fundamentals" name="test_avg_npm_value" time="0.020" /><testcase classname="tests.test_api_fundamentals" name="test_avg_gross_margin_value" time="0.022" /><testcase classname="tests.test_api_fundamentals" name="test_avg_operating_margin_value" time="0.021" /><testcase classname="tests.test_api_fundamentals" name="test_avg_current_ratio_value" time="0.022" /><testcase classname="tests.test_api_fundamentals" name="test_avg_quick_ratio_value" time="0.020" /><testcase classname="tests.test_api_fundamentals" name="test_avg_debt_to_equity_value" time="0.019" /><testcase classname="tests.test_api_fundamentals" name="test_avg_debt_to_assets_value" time="0.027" /><testcase classname="tests.test_api_fundamentals" name="test_avg_dividend_yield_value" time="0.018" /><testcase classname="tests.test_api_fundamentals" name="test_avg_fcf_yield_value" time="0.017" /><testcase classname="tests.test_api_fundamentals" name="test_market_snapshot_current_price" time="0.017" /><testcase classname="tests.test_api_fundamentals" name="test_market_snapshot_avg_volume" time="0.024" /><testcase classname="tests.test_api_fundamentals" name="test_market_snapshot_market_cap" time="0.021" /><testcase classname="tests.test_api_fundamentals" name="test_market_snapshot_last_dividend" time="0.025" /><testcase classname="tests.test_api_fundamentals" name="test_per_year_is_list" time="0.019" /><testcase classname="tests.test_api_fundamentals" name="test_per_year_has_five_entries_by_default" time="0.020" /><testcase classname="tests.test_api_fundamentals" name="test_per_year_years_are_descending" time="0.018" /><testcase classname="tests.test_api_fundamentals" name="test_per_year_years_are_integers" time="0.018" /><testcase classname="tests.test_api_fundamentals" name="test_per_year_entry_has_income_fields" time="0.019" /><testcase classname="tests.test_api_fundamentals" name="test_per_year_entry_has_balance_sheet_fields" time="0.018" /><testcase classname="tests.test_api_fundamentals" name="test_per_year_entry_has_cashflow_fields" time="0.018" /><testcase classname="tests.test_api_fundamentals" name="test_per_year_entry_has_ratio_fields" time="0.021" /><testcase classname="tests.test_api_fundamentals" name="test_per_year_entry_has_per_share_fields" time="0.020" /><testcase classname="tests.test_api_fundamentals" name="test_per_year_pe_spot_check" time="0.019" /><testcase classname="tests.test_api_fundamentals" name="test_per_year_gross_margin_spot_check" time="0.019" /><testcase classname="tests.test_api_fundamentals" name="test_years_param_limits_per_year_rows" time="0.068" /><testcase classname="tests.test_api_fundamentals" name="test_years_param_1_returns_one_row" time="0.021" /><testcase classname="tests.test_api_fundamentals" name="test_years_param_out_of_range_returns_422" time="0.011" /><testcase classname="tests.test_api_fundamentals" name="test_nan_fields_serialised_as_null" time="0.018" /><testcase classname="tests.test_api_fundamentals" name="test_nan_gross_margin_null_when_missing" time="0.016" /><testcase classname="tests.test_api_fundamentals" name="test_no_mean_of_empty_slice_warning" time="0.020" /><testcase classname="tests.test_api_gmr_data" name="test_returns_200" time="0.018" /><testcase classname="tests.test_api_gmr_data" name="test_unknown_ticker_returns_404" time="0.010" /><testcase classname="tests.test_api_gmr_data" name="test_404_has_detail" time="0.009" /><testcase classname="tests.test_api_gmr_data" name="test_top_level_has_ticker" time="0.015" /><testcase classname="tests.test_api_gmr_data" name="test_ticker_is_uppercased" time="0.015" /><testcase classname="tests.test_api_gmr_data" name="test_lowercase_url_uppercased" time="0.015" /><testcase classname="tests.test_api_gmr_data" name="test_top_level_has_current_snapshot" time="0.016" /><testcase classname="tests.test_api_gmr_data" name="test_top_level_has_annual_data" time="0.012" /><testcase classname="tests.test_api_gmr_data" name="test_snapshot_price" time="0.016" /><testcase classname="tests.test_api_gmr_data" name="test_snapshot_avg_volume" time="0.017" /><testcase classname="tests.test_api_gmr_data" name="test_snapshot_has_balance_sheet_fields" time="0.017" /><testcase classname="tests.test_api_gmr_data" name="test_snapshot_total_debt_present" time="0.014" /><testcase classname="tests.test_api_gmr_data" name="test_snapshot_last_dividend_date" time="0.015" /><testcase classname="tests.test_api_gmr_data" name="test_snapshot_last_dividend_amount" time="0.018" /><testcase classname="tests.test_api_gmr_data" name="test_snapshot_last_split_year" time="0.019" /><testcase classname="tests.test_api_gmr_data" name="test_snapshot_last_split_ratio" time="0.017" /><testcase classname="tests.test_api_gmr_data" name="test_annual_data_is_list" time="0.017" /><testcase classname="tests.test_api_gmr_data" name="test_annual_data_not_empty" time="0.021" /><testcase classname="tests.test_api_gmr_data" name="test_annual_data_sorted_descending" time="0.020" /><testcase classname="tests.test_api_gmr_data" name="test_annual_row_has_required_fields" time="0.019" /><testcase classname="tests.test_api_gmr_data" name="test_annual_revenue_positive" time="0.020" /><testcase classname="tests.test_api_gmr_data" name="test_annual_total_assets_present" time="0.020" /><testcase classname="tests.test_api_gmr_data" name="test_annual_cfo_positive" time="0.019" /><testcase classname="tests.test_api_gmr_data" name="test_annual_delta_ppe_negative" time="0.020" /><testcase classname="tests.test_api_gmr_data" name="test_annual_splits_year_2020_is_four" time="0.019" /><testcase classname="tests.test_api_gmr_data" name="test_annual_splits_no_split_year_is_zero" time="0.018" /><testcase classname="tests.test_api_gmr_data" name="test_years_param_limits_rows" time="0.017" /><testcase classname="tests.test_api_gmr_data" name="test_years_param_default_is_ten" time="0.014" /><testcase classname="tests.test_api_gmr_data_csv" name="test_returns_200" time="0.016" /><testcase classname="tests.test_api_gmr_data_csv" name="test_content_type_is_csv" time="0.014" /><testcase classname="tests.test_api_gmr_data_csv" name="test_content_disposition_contains_ticker" time="0.016" /><testcase classname="tests.test_api_gmr_data_csv" name="test_unknown_ticker_returns_404" time="0.009" /><testcase classname="tests.test_api_gmr_data_csv" name="test_404_has_detail" time="0.008" /><testcase classname="tests.test_api_gmr_data_csv" name="test_lowercase_ticker_uppercased_in_csv" time="0.013" /><testcase classname="tests.test_api_gmr_data_csv" name="test_exact_csv_output" time="0.015" /><testcase classname="tests.test_api_gmr_data_csv" name="test_row1_ticker_price_volume" time="0.015" /><testcase classname="tests.test_api_gmr_data_csv" name="test_row2_balance_sheet" time="0.016" /><testcase classname="tests.test_api_gmr_data_csv" name="test_row3_dividend_split" time="0.016" /><testcase classname="tests.test_api_gmr_data_csv" name="test_row4_column_headers" time="0.015" /><testcase classname="tests.test_api_gmr_data_csv" name="test_row5_year_2023" time="0.018" /><testcase classname="tests.test_api_gmr_data_csv" name="test_row6_year_2022" time="0.015" /><testcase classname="tests.test_api_gmr_data_csv" name="test_data_rows_sorted_descending" time="0.017" /><testcase classname="tests.test_api_gmr_data_csv" name="test_split_ratio_absent_renders_no" time="0.021" /><testcase classname="tests.test_api_gmr_data_csv" name="test_years_param_limits_data_rows" time="0.018" /><testcase classname="tests.test_api_gmr_data_csv" name="test_years_param_default_returns_both_rows" time="0.016" /><testcase classname="tests.test_api_gmr_long" name="test_full_returns_200" time="0.020" /><testcase classname="tests.test_api_gmr_long" name="test_summary_returns_200" time="0.018" /><testcase classname="tests.test_api_gmr_long" name="test_unknown_ticker_returns_404" time="0.008" /><testcase classname="tests.test_api_gmr_long" name="test_empty_filings_returns_404" time="0.012" /><testcase classname="tests.test_api_gmr_long" name="test_404_detail_message_is_informative" time="0.009" /><testcase classname="tests.test_api_gmr_long" name="test_top_level_keys_full" time="0.025" /><testcase classname="tests.test_api_gmr_long" name="test_summary_only_has_ticker_and_ratio" time="0.019" /><testcase classname="tests.test_api_gmr_long" name="test_summary_missing_per_year" time="0.019" /><testcase classname="tests.test_api_gmr_long" name="test_summary_missing_market_snapshot" time="0.019" /><testcase classname="tests.test_api_gmr_long" name="test_ticker_uppercased" time="0.025" /><testcase classname="tests.test_api_gmr_long" name="test_lowercase_url_ticker_uppercased" time="0.019" /><testcase classname="tests.test_api_gmr_long" name="test_gmr_ratio_has_passes" time="0.017" /><testcase classname="tests.test_api_gmr_long" name="test_gmr_ratio_has_flags" time="0.019" /><testcase classname="tests.test_api_gmr_long" name="test_gmr_ratio_flags_keys" time="0.019" /><testcase classname="tests.test_api_gmr_long" name="test_gmr_ratio_has_all_avg_fields" time="0.019" /><testcase classname="tests.test_api_gmr_long" name="test_passes_is_true_for_xyz" time="0.021" /><testcase classname="tests.test_api_gmr_long" name="test_all_flags_true_for_xyz" time="0.019" /><testcase classname="tests.test_api_gmr_long" name="test_avg_pe_value" time="0.019" /><testcase classname="tests.test_api_gmr_long" name="test_avg_pb_value" time="0.019" /><testcase classname="tests.test_api_gmr_long" name="test_avg_roe_value" time="0.019" /><testcase classname="tests.test_api_gmr_long" name="test_avg_npm_value" time="0.020" /><testcase classname="tests.test_api_gmr_long" name="test_avg_dividend_yield_value" time="0.019" /><testcase classname="tests.test_api_gmr_long" name="test_market_snapshot_current_price" time="0.019" /><testcase classname="tests.test_api_gmr_long" name="test_market_snapshot_avg_volume" time="0.018" /><testcase classname="tests.test_api_gmr_long" name="test_market_snapshot_last_dividend" time="0.023" /><testcase classname="tests.test_api_gmr_long" name="test_per_year_is_list" time="0.016" /><testcase classname="tests.test_api_gmr_long" name="test_per_year_has_five_entries" time="0.023" /><testcase classname="tests.test_api_gmr_long" name="test_per_year_entry_has_expected_keys" time="0.018" /><testcase classname="tests.test_api_gmr_long" name="test_per_year_years_are_integers" time="0.018" /><testcase classname="tests.test_api_gmr_long" name="test_per_year_first_year_is_most_recent" time="0.024" /><testcase classname="tests.test_api_gmr_long" name="test_per_year_pe_value" time="0.022" /><testcase classname="tests.test_api_gmr_long" name="test_years_param_limits_per_year_rows" time="0.020" /><testcase classname="tests.test_api_gmr_long" name="test_years_param_1_returns_one_row" time="0.019" /><testcase classname="tests.test_api_gmr_long" name="test_years_param_default_is_ten" time="0.020" /><testcase classname="tests.test_api_gmr_long" name="test_years_param_out_of_range_returns_422" time="0.011" /><testcase classname="tests.test_api_gmr_long" name="test_years_3_most_recent_years_returned" time="0.024" /><testcase classname="tests.test_api_gmr_long" name="test_years_2_averages_over_two_years" time="0.020" /><testcase classname="tests.test_api_gmr_short" name="test_full_returns_200" time="0.063" /><testcase classname="tests.test_api_gmr_short" name="test_summary_returns_200" time="0.045" /><testcase classname="tests.test_api_gmr_short" name="test_unknown_ticker_returns_404" time="0.008" /><testcase classname="tests.test_api_gmr_short" name="test_empty_history_returns_404" time="0.010" /><testcase classname="tests.test_api_gmr_short" name="test_404_detail_is_informative" time="0.008" /><testcase classname="tests.test_api_gmr_short" name="test_top_level_keys_full" time="0.042" /><testcase classname="tests.test_api_gmr_short" name="test_summary_only_has_ticker_and_ratio" time="0.043" /><testcase classname="tests.test_api_gmr_short" name="test_summary_missing_market_snapshot" time="0.043" /><testcase classname="tests.test_api_gmr_short" name="test_summary_missing_monthly_breakdown" time="0.050" /><testcase classname="tests.test_api_gmr_short" name="test_ticker_uppercased" time="0.046" /><testcase classname="tests.test_api_gmr_short" name="test_lowercase_url_ticker_uppercased" time="0.042" /><testcase classname="tests.test_api_gmr_short" name="test_gmr_ratio_has_passes" time="0.041" /><testcase classname="tests.test_api_gmr_short" name="test_gmr_ratio_passes_is_true" time="0.043" /><testcase classname="tests.test_api_gmr_short" name="test_gmr_ratio_flags_keys" time="0.041" /><testcase classname="tests.test_api_gmr_short" name="test_gmr_ratio_has_metric_fields" time="0.042" /><testcase classname="tests.test_api_gmr_short" name="test_win_probability_above_half" time="0.048" /><testcase classname="tests.test_api_gmr_short" name="test_avg_v_up_above_threshold" time="0.041" /><testcase classname="tests.test_api_gmr_short" name="test_avg_v_down_below_threshold" time="0.049" /><testcase classname="tests.test_api_gmr_short" name="test_all_flags_true" time="0.042" /><testcase classname="tests.test_api_gmr_short" name="test_market_snapshot_current_price" time="0.039" /><testcase classname="tests.test_api_gmr_short" name="test_market_snapshot_avg_volume" time="0.042" /><testcase classname="tests.test_api_gmr_short" name="test_monthly_breakdown_is_list" time="0.052" /><testcase classname="tests.test_api_gmr_short" name="test_monthly_breakdown_has_six_entries" time="0.050" /><testcase classname="tests.test_api_gmr_short" name="test_monthly_breakdown_entry_has_month_v_up_v_down" time="0.043" /><testcase classname="tests.test_api_gmr_short" name="test_monthly_breakdown_month_is_string" time="0.042" /><testcase classname="tests.test_api_gmr_short" name="test_monthly_breakdown_v_up_positive" time="0.050" /><testcase classname="tests.test_api_gmr_short" name="test_monthly_breakdown_v_down_negative" time="0.046" /><testcase classname="tests.test_api_graph" name="test_depth_0_returns_center_only" time="0.030" /><testcase classname="tests.test_api_graph" name="test_depth_1_returns_neighbors" time="0.012" /><testcase classname="tests.test_api_graph" name="test_type_filter_excludes_types" time="0.010" /><testcase classname="tests.test_api_graph" name="test_response_capped_at_500" time="0.085" /><testcase classname="tests.test_api_graph" name="test_unknown_entity_returns_empty" time="0.011" /><testcase classname="tests.test_api_graph" name="test_depth_over_3_returns_422" time="0.008" /><testcase classname="tests.test_api_graph" name="test_entry_from_authority" time="0.010" /><testcase classname="tests.test_api_graph" name="test_entry_from_person" time="0.010" /><testcase classname="tests.test_api_graph" name="test_path_finding_shortest" time="0.013" /><testcase classname="tests.test_api_graph" name="test_path_finding_extra_paths" time="0.009" /><testcase classname="tests.test_api_graph" name="test_since_filter_excludes_old_contracts" time="0.008" /><testcase classname="tests.test_api_graph" name="test_summary_mode_excludes_awarded_rels" time="0.009" /><testcase classname="tests.test_api_graph" name="test_detail_mode_excludes_summary_rels" time="0.010" /><testcase classname="tests.test_api_health_data.TestCollectDataHealth" name="test_ok_status_when_both_stores_populated" time="0.005" /><testcase classname="tests.test_api_health_data.TestCollectDataHealth" name="test_edgar_companyfacts_count" time="0.002" /><testcase classname="tests.test_api_health_data.TestCollectDataHealth" name="test_edgar_reference_modified_is_iso_string" time="0.002" /><testcase classname="tests.test_api_health_data.TestCollectDataHealth" name="test_price_csv_count" time="0.002" /><testcase classname="tests.test_api_health_data.TestCollectDataHealth" name="test_price_newest_modified_is_iso_string" time="0.002" /><testcase classname="tests.test_api_health_data.TestCollectDataHealth" name="test_price_newest_date_extracted_from_csv" time="0.002" /><testcase classname="tests.test_api_health_data.TestCollectDataHealth" name="test_empty_status_when_edgar_dir_missing" time="0.001" /><testcase classname="tests.test_api_health_data.TestCollectDataHealth" name="test_empty_status_when_price_dir_missing" time="0.001" /><testcase classname="tests.test_api_health_data.TestCollectDataHealth" name="test_none_values_when_both_dirs_missing" time="0.001" /><testcase classname="tests.test_api_health_data.TestDataHealthEndpoint" name="test_returns_200" time="0.008" /><testcase classname="tests.test_api_health_data.TestDataHealthEndpoint" name="test_response_has_required_keys" time="0.006" /><testcase classname="tests.test_api_health_data.TestDataHealthEndpoint" name="test_returns_ok_for_populated_dirs" time="0.005" /><testcase classname="tests.test_api_health_data.TestDataHealthEndpoint" name="test_returns_empty_for_missing_dirs" time="0.004" /><testcase classname="tests.test_api_health_data.TestDataHealthEndpoint" name="test_always_returns_200_even_when_dirs_missing" time="0.006" /><testcase classname="tests.test_api_prices" name="test_prices_aapl_returns_200" time="0.009" /><testcase classname="tests.test_api_prices" name="test_prices_aapl_ticker_field" time="0.007" /><testcase classname="tests.test_api_prices" name="test_prices_aapl_name_field" time="0.006" /><testcase classname="tests.test_api_prices" name="test_prices_aapl_exchange_field" time="0.006" /><testcase classname="tests.test_api_prices" name="test_prices_aapl_period_echoed" time="0.006" /><testcase classname="tests.test_api_prices" name="test_prices_aapl_bars_non_empty" time="0.006" /><testcase classname="tests.test_api_prices" name="test_prices_aapl_bars_count" time="0.006" /><testcase classname="tests.test_api_prices" name="test_prices_aapl_bar_keys" time="0.006" /><testcase classname="tests.test_api_prices" name="test_prices_aapl_bar_values_are_numeric" time="0.006" /><testcase classname="tests.test_api_prices" name="test_prices_aapl_bar_dates_are_strings" time="0.006" /><testcase classname="tests.test_api_prices" name="test_prices_aapl_high_gte_low" time="0.005" /><testcase classname="tests.test_api_prices" name="test_prices_aapl_volume_positive" time="0.006" /><testcase classname="tests.test_api_prices" name="test_prices_lowercase_ticker_normalised" time="0.005" /><testcase classname="tests.test_api_prices" name="test_prices_period_1m" time="0.005" /><testcase classname="tests.test_api_prices" name="test_prices_period_6m" time="0.005" /><testcase classname="tests.test_api_prices" name="test_prices_period_1y" time="0.005" /><testcase classname="tests.test_api_prices" name="test_prices_period_3y" time="0.006" /><testcase classname="tests.test_api_prices" name="test_prices_period_5y" time="0.004" /><testcase classname="tests.test_api_prices" name="test_prices_period_all" time="0.005" /><testcase classname="tests.test_api_prices" name="test_prices_unknown_period_falls_back_to_1y" time="0.006" /><testcase classname="tests.test_api_prices" name="test_prices_unknown_ticker_returns_404" time="0.006" /><testcase classname="tests.test_api_prices" name="test_prices_404_body_has_detail" time="0.007" /><testcase classname="tests.test_api_tickers" name="test_search_tickers_returns_200" time="0.007" /><testcase classname="tests.test_api_tickers" name="test_search_tickers_response_shape" time="0.005" /><testcase classname="tests.test_api_tickers" name="test_search_tickers_query_echoed" time="0.005" /><testcase classname="tests.test_api_tickers" name="test_search_tickers_count_matches_results" time="0.005" /><testcase classname="tests.test_api_tickers" name="test_search_tickers_returns_matching_ticker" time="0.005" /><testcase classname="tests.test_api_tickers" name="test_search_tickers_total_available_reflects_full_list" time="0.005" /><testcase classname="tests.test_api_tickers" name="test_search_tickers_missing_query_returns_422" time="0.005" /><testcase classname="tests.test_api_tickers" name="test_search_tickers_limit_param" time="0.007" /><testcase classname="tests.test_api_valuation" name="test_full_returns_200" time="0.017" /><testcase classname="tests.test_api_valuation" name="test_summary_returns_200" time="0.016" /><testcase classname="tests.test_api_valuation" name="test_unknown_ticker_returns_404" time="0.009" /><testcase classname="tests.test_api_valuation" name="test_empty_filings_returns_404" time="0.011" /><testcase classname="tests.test_api_valuation" name="test_top_level_keys_full" time="0.018" /><testcase classname="tests.test_api_valuation" name="test_summary_only_has_ticker_and_summary" time="0.016" /><testcase classname="tests.test_api_valuation" name="test_ticker_uppercased" time="0.018" /><testcase classname="tests.test_api_valuation" name="test_lowercase_url_normalised" time="0.020" /><testcase classname="tests.test_api_valuation" name="test_summary_has_expected_fields" time="0.020" /><testcase classname="tests.test_api_valuation" name="test_avg_ebitda_margin_is_positive" time="0.018" /><testcase classname="tests.test_api_valuation" name="test_valuation_snapshot_has_ev" time="0.015" /><testcase classname="tests.test_api_valuation" name="test_valuation_snapshot_ev_ebitda_is_numeric" time="0.017" /><testcase classname="tests.test_api_valuation" name="test_per_year_is_list" time="0.016" /><testcase classname="tests.test_api_valuation" name="test_per_year_default_is_limited_by_available_data" time="0.021" /><testcase classname="tests.test_api_valuation" name="test_per_year_years_are_descending" time="0.017" /><testcase classname="tests.test_api_valuation" name="test_per_year_entry_has_expected_keys" time="0.017" /><testcase classname="tests.test_api_valuation" name="test_years_param_limits_per_year_rows" time="0.020" /><testcase classname="tests.test_api_valuation" name="test_years_param_1_returns_one_row" time="0.019" /><testcase classname="tests.test_api_valuation" name="test_years_3_most_recent_years_returned" time="0.017" /><testcase classname="tests.test_api_valuation" name="test_years_default_is_ten" time="0.015" /><testcase classname="tests.test_api_valuation" name="test_years_param_out_of_range_returns_422" time="0.011" /><testcase classname="tests.test_api_valuation" name="test_years_averages_recomputed_per_window" time="0.019" /><testcase classname="tests.test_contracts_api.TestCompanyContracts" name="test_returns_contracts" time="0.076" /><testcase classname="tests.test_contracts_api.TestCompanyContracts" name="test_empty_for_unknown" time="0.010" /><testcase classname="tests.test_contracts_api.TestContractDetail" name="test_returns_detail" time="0.011" /><testcase classname="tests.test_contracts_api.TestContractDetail" name="test_404_for_unknown" time="0.008" /><testcase classname="tests.test_contracts_api.TestUnifiedSearch" name="test_returns_companies_and_authorities" time="0.013" /><testcase classname="tests.test_contracts_api.TestUnifiedSearch" name="test_empty_query_rejected" time="0.007" /><testcase classname="tests.test_contracts_api.TestSectorSummary" name="test_returns_sectors" time="0.009" /><testcase classname="tests.test_data_quality" name="test_overview_returns_all_sections" time="0.009" /><testcase classname="tests.test_data_quality" name="test_graph_stats_endpoint" time="0.006" /><testcase classname="tests.test_data_quality" name="test_coverage_endpoint" time="0.006" /><testcase classname="tests.test_eu_lobbying" name="test_parse_entity_basic_fields" time="0.001" /><testcase classname="tests.test_eu_lobbying" name="test_parse_entity_dates" time="0.001" /><testcase classname="tests.test_eu_lobbying" name="test_parse_entity_ep_passes" time="0.001" /><testcase classname="tests.test_eu_lobbying" name="test_parse_entity_members_fte" time="0.000" /><testcase classname="tests.test_eu_lobbying" name="test_parse_entity_financial_data" time="0.001" /><testcase classname="tests.test_eu_lobbying" name="test_parse_entity_interests" time="0.001" /><testcase classname="tests.test_eu_lobbying" name="test_parse_entity_goals_truncated" time="0.001" /><testcase classname="tests.test_eu_lobbying" name="test_text_helper_missing_path" time="0.000" /><testcase classname="tests.test_eu_lobbying" name="test_text_helper_none_element" time="0.000" /><testcase classname="tests.test_fundamentals" name="test_fundamentals_status_ok" time="0.015" /><testcase classname="tests.test_fundamentals" name="test_fundamentals_ticker_uppercased" time="0.017" /><testcase classname="tests.test_fundamentals" name="test_fundamentals_has_required_sections" time="0.016" /><testcase classname="tests.test_fundamentals" name="test_fundamentals_market_snapshot_fields" time="0.017" /><testcase classname="tests.test_fundamentals" name="test_fundamentals_per_year_count" time="0.014" /><testcase classname="tests.test_fundamentals" name="test_fundamentals_per_year_years_descending" time="0.018" /><testcase classname="tests.test_fundamentals" name="test_fundamentals_per_year_income_statement" time="0.014" /><testcase classname="tests.test_fundamentals" name="test_fundamentals_per_year_balance_sheet" time="0.016" /><testcase classname="tests.test_fundamentals" name="test_fundamentals_per_year_cashflow" time="0.018" /><testcase classname="tests.test_fundamentals" name="test_fundamentals_ratios_summary_present" time="0.018" /><testcase classname="tests.test_fundamentals" name="test_fundamentals_gross_margin_value" time="0.018" /><testcase classname="tests.test_fundamentals" name="test_fundamentals_revenue_growth" time="0.014" /><testcase classname="tests.test_fundamentals" name="test_fundamentals_summarize_omits_per_year" time="0.015" /><testcase classname="tests.test_fundamentals" name="test_fundamentals_years_param_limits_rows" time="0.013" /><testcase classname="tests.test_fundamentals" name="test_fundamentals_empty_source_returns_404" time="0.010" /><testcase classname="tests.test_fundamentals" name="test_fundamentals_error_source_returns_404" time="0.007" /><testcase classname="tests.test_fundamentals" name="test_fundamentals_years_out_of_range" time="0.011" /><testcase classname="tests.test_gmr_id" name="test_from_lei_deterministic" time="0.002" /><testcase classname="tests.test_gmr_id" name="test_from_lei_matches_uuid5" time="0.000" /><testcase classname="tests.test_gmr_id" name="test_from_lei_different_leis_differ" time="0.000" /><testcase classname="tests.test_gmr_id" name="test_from_cik_zero_pads" time="0.000" /><testcase classname="tests.test_gmr_id" name="test_from_national_id_uppercases_country" time="0.000" /><testcase classname="tests.test_gmr_id" name="test_from_name_normalises" time="0.000" /><testcase classname="tests.test_gmr_id" name="test_all_methods_return_valid_uuid" time="0.000" /><testcase classname="tests.test_gmr_long" name="test_result_is_gmrlongresult" time="0.009" /><testcase classname="tests.test_gmr_long" name="test_ticker_is_uppercased" time="0.008" /><testcase classname="tests.test_gmr_long" name="test_per_year_is_dataframe" time="0.008" /><testcase classname="tests.test_gmr_long" name="test_per_year_index_contains_years" time="0.008" /><testcase classname="tests.test_gmr_long" name="test_per_year_has_all_ratio_columns" time="0.008" /><testcase classname="tests.test_gmr_long" name="test_flags_keys_present" time="0.008" /><testcase classname="tests.test_gmr_long" name="test_current_price_from_snapshot" time="0.008" /><testcase classname="tests.test_gmr_long" name="test_avg_volume_from_snapshot" time="0.008" /><testcase classname="tests.test_gmr_long" name="test_pe_calculation" time="0.008" /><testcase classname="tests.test_gmr_long" name="test_pb_calculation" time="0.008" /><testcase classname="tests.test_gmr_long" name="test_roe_calculation" time="0.008" /><testcase classname="tests.test_gmr_long" name="test_npm_calculation" time="0.008" /><testcase classname="tests.test_gmr_long" name="test_debt_equity_calculation" time="0.008" /><testcase classname="tests.test_gmr_long" name="test_dividend_yield_calculation" time="0.008" /><testcase classname="tests.test_gmr_long" name="test_quick_ratio_calculation" time="0.008" /><testcase classname="tests.test_gmr_long" name="test_fcf_pass_through" time="0.008" /><testcase classname="tests.test_gmr_long" name="test_passing_stock_passes_all" time="0.008" /><testcase classname="tests.test_gmr_long" name="test_passing_stock_all_flags_true" time="0.008" /><testcase classname="tests.test_gmr_long" name="test_failing_stock_does_not_pass_all" time="0.008" /><testcase classname="tests.test_gmr_long" name="test_failing_stock_fails_pe" time="0.008" /><testcase classname="tests.test_gmr_long" name="test_failing_stock_fails_pb" time="0.008" /><testcase classname="tests.test_gmr_long" name="test_failing_stock_fails_debt_equity" time="0.008" /><testcase classname="tests.test_gmr_long" name="test_failing_stock_fails_dividend_yield" time="0.008" /><testcase classname="tests.test_gmr_long" name="test_failing_stock_passes_roe" time="0.008" /><testcase classname="tests.test_gmr_long" name="test_failing_stock_passes_npm" time="0.008" /><testcase classname="tests.test_gmr_long" name="test_custom_pe_threshold_relaxed" time="0.008" /><testcase classname="tests.test_gmr_long" name="test_custom_pe_threshold_strict" time="0.008" /><testcase classname="tests.test_gmr_long" name="test_custom_dividend_yield_zero_threshold" time="0.008" /><testcase classname="tests.test_gmr_long" name="test_empty_fundamentals_returns_failed_result" time="0.002" /><testcase classname="tests.test_gmr_long" name="test_missing_optional_series_does_not_crash" time="0.010" /><testcase classname="tests.test_gmr_long" name="test_years_kwarg_limits_look_back" time="0.007" /><testcase classname="tests.test_gmr_long" name="test_no_dividends_gives_zero_yield" time="0.008" /><testcase classname="tests.test_gmr_long" name="test_per_year_has_dividends_column" time="0.008" /><testcase classname="tests.test_gmr_long" name="test_per_year_has_shares_column" time="0.008" /><testcase classname="tests.test_gmr_long" name="test_per_year_has_debt_equity_column" time="0.008" /><testcase classname="tests.test_gmr_long" name="test_union_year_logic_includes_partial_year" time="0.010" /><testcase classname="tests.test_gmr_short" name="test_result_type" time="0.030" /><testcase classname="tests.test_gmr_short" name="test_ticker_uppercased" time="0.031" /><testcase classname="tests.test_gmr_short" name="test_monthly_breakdown_is_dataframe" time="0.031" /><testcase classname="tests.test_gmr_short" name="test_monthly_breakdown_columns" time="0.030" /><testcase classname="tests.test_gmr_short" name="test_monthly_breakdown_has_six_months" time="0.030" /><testcase classname="tests.test_gmr_short" name="test_flags_keys_present" time="0.031" /><testcase classname="tests.test_gmr_short" name="test_passes_all_for_volatile_penny_stock" time="0.030" /><testcase classname="tests.test_gmr_short" name="test_win_probability_above_half" time="0.030" /><testcase classname="tests.test_gmr_short" name="test_avg_v_up_above_threshold" time="0.030" /><testcase classname="tests.test_gmr_short" name="test_avg_v_down_below_threshold" time="0.029" /><testcase classname="tests.test_gmr_short" name="test_current_price_from_snapshot" time="0.030" /><testcase classname="tests.test_gmr_short" name="test_avg_volume_from_snapshot" time="0.030" /><testcase classname="tests.test_gmr_short" name="test_win_probability_equals_positive_day_fraction" time="0.010" /><testcase classname="tests.test_gmr_short" name="test_v_up_formula_single_month" time="0.009" /><testcase classname="tests.test_gmr_short" name="test_v_down_formula_single_month" time="0.009" /><testcase classname="tests.test_gmr_short" name="test_mat_is_mean_of_43_most_recent_closes" time="0.017" /><testcase classname="tests.test_gmr_short" name="test_diff_mat_formula" time="0.016" /><testcase classname="tests.test_gmr_short" name="test_fails_volume_below_min" time="0.030" /><testcase classname="tests.test_gmr_short" name="test_fails_price_below_min" time="0.030" /><testcase classname="tests.test_gmr_short" name="test_fails_price_above_max" time="0.029" /><testcase classname="tests.test_gmr_short" name="test_fails_win_probability_too_low" time="0.031" /><testcase classname="tests.test_gmr_short" name="test_fails_volatility_v_up_too_small" time="0.030" /><testcase classname="tests.test_gmr_short" name="test_fails_mat_price_too_far_above" time="0.030" /><testcase classname="tests.test_gmr_short" name="test_empty_history_returns_failed_result" time="0.002" /><testcase classname="tests.test_gmr_short" name="test_custom_settings_relax_price_range" time="0.030" /><testcase classname="tests.test_graph_data_source" name="test_fundamentals_from_graph" time="0.007" /><testcase classname="tests.test_graph_data_source" name="test_fundamentals_fallback_to_edgar" time="0.003" /><testcase classname="tests.test_graph_data_source" name="test_fundamentals_empty_when_no_source" time="0.003" /><testcase classname="tests.test_graph_data_source" name="test_price_history_delegates_to_price_fetcher" time="0.002" /><testcase classname="tests.test_graph_data_source" name="test_annual_avg_prices_delegates" time="0.002" /><testcase classname="tests.test_graph_data_source" name="test_search_tickers_returns_enriched_results" time="0.002" /><testcase classname="tests.test_graph_data_source" name="test_data_source_name_from_financial_year" time="0.002" /><testcase classname="tests.test_graph_data_source" name="test_market_snapshot_from_price_data" time="0.002" /><testcase classname="tests.test_load_cpv" name="test_load_creates_constraint_and_merges" time="0.002" /><testcase classname="tests.test_load_cpv" name="test_cpv_divisions_have_standard_codes" time="0.000" /><testcase classname="tests.test_load_eu_listings" name="test_listings_creates_constraint_and_merges" time="0.002" /><testcase classname="tests.test_load_eu_listings" name="test_listings_batches_multiple_entities" time="0.002" /><testcase classname="tests.test_load_eu_listings" name="test_listings_short_lei_uses_name_fallback" time="0.001" /><testcase classname="tests.test_load_eu_listings" name="test_listings_derives_currency_from_country" time="0.000" /><testcase classname="tests.test_load_eu_listings" name="test_financials_reads_summary_and_merges" time="0.003" /><testcase classname="tests.test_load_eu_listings" name="test_financials_skips_filing_without_year" time="0.002" /><testcase classname="tests.test_load_eu_listings" name="test_financials_handles_missing_dir" time="0.002" /><testcase classname="tests.test_load_eu_listings" name="test_financials_skips_bad_json" time="0.002" /><testcase classname="tests.test_load_gleif" name="test_parse_single_record" time="0.001" /><testcase classname="tests.test_load_gleif" name="test_parse_inactive_entity" time="0.001" /><testcase classname="tests.test_load_gleif" name="test_parse_skips_short_lei" time="0.001" /><testcase classname="tests.test_load_gleif" name="test_parse_multiple_records" time="0.001" /><testcase classname="tests.test_load_gleif" name="test_parse_empty_records" time="0.000" /><testcase classname="tests.test_load_gleif" name="test_parse_missing_legal_form" time="0.001" /><testcase classname="tests.test_load_gleif" name="test_parse_entity_legal_form_code" time="0.001" /><testcase classname="tests.test_load_gleif" name="test_text_returns_content" time="0.000" /><testcase classname="tests.test_load_gleif" name="test_text_returns_none_for_missing" time="0.000" /><testcase classname="tests.test_load_gleif" name="test_load_creates_constraint_and_merges" time="0.002" /><testcase classname="tests.test_load_gleif" name="test_load_batches_correctly" time="0.002" /><testcase classname="tests.test_load_gleif" name="test_resolve_latest_url" time="0.001" /><testcase classname="tests.test_load_ted_contracts" name="test_load_creates_constraints" time="0.002" /><testcase classname="tests.test_load_us_companies" name="test_creates_index_and_merges" time="0.002" /><testcase classname="tests.test_load_us_companies" name="test_batches_multiple_companies" time="0.002" /><testcase classname="tests.test_load_us_companies" name="test_skips_entries_without_ticker" time="0.001" /><testcase classname="tests.test_load_us_companies" name="test_zero_pads_cik" time="0.001" /><testcase classname="tests.test_load_us_companies" name="test_ticker_uppercased" time="0.001" /><testcase classname="tests.test_local_edgar_fetcher" name="test_known_symbols_loaded" time="0.002" /><testcase classname="tests.test_local_edgar_fetcher" name="test_unknown_eu_ticker_not_in_index" time="0.002" /><testcase classname="tests.test_local_edgar_fetcher" name="test_ticker_list_length" time="0.001" /><testcase classname="tests.test_local_edgar_fetcher" name="test_unknown_ticker_raises_value_error" time="0.002" /><testcase classname="tests.test_local_edgar_fetcher" name="test_unknown_ticker_does_not_call_company" time="0.002" /><testcase classname="tests.test_local_edgar_fetcher" name="test_unknown_ticker_case_insensitive" time="0.002" /><testcase classname="tests.test_local_edgar_fetcher" name="test_known_ticker_calls_company" time="0.002" /><testcase classname="tests.test_local_edgar_fetcher" name="test_get_edgar_ticker_list_returns_list" time="0.001" /><testcase classname="tests.test_local_edgar_fetcher" name="test_get_edgar_ticker_list_cached" time="0.001" /><testcase classname="tests.test_local_edgar_fetcher" name="test_get_edgar_ticker_list_structure" time="0.001" /><testcase classname="tests.test_local_price_fetcher" name="test_has_local_aapl" time="0.001" /><testcase classname="tests.test_local_price_fetcher" name="test_has_local_msft" time="0.000" /><testcase classname="tests.test_local_price_fetcher" name="test_has_local_unknown_ticker" time="0.001" /><testcase classname="tests.test_local_price_fetcher" name="test_load_history_returns_dataframe" time="0.105" /><testcase classname="tests.test_local_price_fetcher" name="test_load_history_index_is_datetime" time="0.005" /><testcase classname="tests.test_local_price_fetcher" name="test_load_history_sorted_ascending" time="0.005" /><testcase classname="tests.test_local_price_fetcher" name="test_load_history_missing_ticker_returns_none" time="0.001" /><testcase classname="tests.test_local_price_fetcher" name="test_get_current_price_aapl" time="0.005" /><testcase classname="tests.test_local_price_fetcher" name="test_get_current_price_msft" time="0.005" /><testcase classname="tests.test_local_price_fetcher" name="test_get_current_price_unknown_returns_zero" time="0.001" /><testcase classname="tests.test_local_price_fetcher" name="test_get_snapshot_aapl_has_current_price" time="0.006" /><testcase classname="tests.test_local_price_fetcher" name="test_get_snapshot_aapl_price_matches_last_close" time="0.006" /><testcase classname="tests.test_local_price_fetcher" name="test_get_snapshot_has_52_week_range" time="0.005" /><testcase classname="tests.test_local_price_fetcher" name="test_get_snapshot_high_low_sensible" time="0.005" /><testcase classname="tests.test_local_price_fetcher" name="test_get_snapshot_avg_volume_positive" time="0.005" /><testcase classname="tests.test_local_price_fetcher" name="test_get_snapshot_unavailable_fields_are_none" time="0.006" /><testcase classname="tests.test_local_price_fetcher" name="test_get_snapshot_msft_price" time="0.006" /><testcase classname="tests.test_local_price_fetcher" name="test_get_snapshot_unknown_returns_zero_price" time="0.001" /><testcase classname="tests.test_local_price_fetcher" name="test_annual_avg_prices_aapl_returns_series" time="0.015" /><testcase classname="tests.test_local_price_fetcher" name="test_annual_avg_prices_aapl_covers_both_years" time="0.007" /><testcase classname="tests.test_local_price_fetcher" name="test_annual_avg_prices_aapl_descending_index" time="0.007" /><testcase classname="tests.test_local_price_fetcher" name="test_annual_avg_prices_aapl_positive" time="0.006" /><testcase classname="tests.test_local_price_fetcher" name="test_annual_avg_prices_msft_positive" time="0.006" /><testcase classname="tests.test_local_price_fetcher" name="test_annual_avg_prices_unknown_returns_empty" time="0.001" /><testcase classname="tests.test_local_price_fetcher" name="test_annual_dividends_returns_empty_series" time="0.001" /><testcase classname="tests.test_local_price_fetcher" name="test_annual_dividends_unknown_ticker_returns_empty" time="0.001" /><testcase classname="tests.test_local_price_fetcher" name="test_get_history_aapl_returns_ohlcv" time="0.006" /><testcase classname="tests.test_local_price_fetcher" name="test_get_history_period_filter" time="0.011" /><testcase classname="tests.test_local_price_fetcher" name="test_get_history_unknown_returns_empty_dataframe" time="0.001" /><testcase classname="tests.test_persons" name="test_person_id_deterministic" time="0.001" /><testcase classname="tests.test_persons" name="test_person_id_differs_by_name" time="0.000" /><testcase classname="tests.test_persons" name="test_person_id_case_insensitive" time="0.000" /><testcase classname="tests.test_persons" name="test_mock_source_get_directors" time="0.000" /><testcase classname="tests.test_persons" name="test_mock_source_search" time="0.000" /><testcase classname="tests.test_ted_matcher" name="test_layer1_vat_cache_hit" time="0.002" /><testcase classname="tests.test_ted_matcher" name="test_layer5_creates_new_with_vat" time="0.002" /><testcase classname="tests.test_ted_matcher" name="test_layer5_creates_new_without_vat" time="0.002" /><testcase classname="tests.test_ted_matcher" name="test_stats_tracking" time="0.002" /><testcase classname="tests.test_ted_matcher" name="test_authority_id_deterministic" time="0.001" /><testcase classname="tests.test_ted_matcher" name="test_authority_id_differs_by_country" time="0.001" /><testcase classname="tests.test_valuation" name="test_valuation_status_ok" time="0.013" /><testcase classname="tests.test_valuation" name="test_valuation_ticker_uppercased" time="0.015" /><testcase classname="tests.test_valuation" name="test_valuation_has_required_sections" time="0.015" /><testcase classname="tests.test_valuation" name="test_valuation_snapshot_enterprise_value" time="0.014" /><testcase classname="tests.test_valuation" name="test_valuation_snapshot_ev_ebitda" time="0.013" /><testcase classname="tests.test_valuation" name="test_valuation_snapshot_ev_revenue" time="0.015" /><testcase classname="tests.test_valuation" name="test_valuation_snapshot_ev_fcf" time="0.016" /><testcase classname="tests.test_valuation" name="test_valuation_snapshot_ev_ebit" time="0.015" /><testcase classname="tests.test_valuation" name="test_valuation_per_year_count" time="0.013" /><testcase classname="tests.test_valuation" name="test_valuation_per_year_years_descending" time="0.015" /><testcase classname="tests.test_valuation" name="test_valuation_per_year_ebitda" time="0.015" /><testcase classname="tests.test_valuation" name="test_valuation_per_year_ebitda_margin" time="0.015" /><testcase classname="tests.test_valuation" name="test_valuation_per_year_net_debt" time="0.015" /><testcase classname="tests.test_valuation" name="test_valuation_per_year_interest_coverage" time="0.014" /><testcase classname="tests.test_valuation" name="test_valuation_per_year_roic" time="0.014" /><testcase classname="tests.test_valuation" name="test_valuation_per_year_net_debt_to_ebitda" time="0.015" /><testcase classname="tests.test_valuation" name="test_valuation_summary_has_all_keys" time="0.015" /><testcase classname="tests.test_valuation" name="test_valuation_summarize_omits_per_year" time="0.015" /><testcase classname="tests.test_valuation" name="test_valuation_years_param_limits_rows" time="0.014" /><testcase classname="tests.test_valuation" name="test_valuation_empty_source_returns_404" time="0.011" /><testcase classname="tests.test_valuation" name="test_valuation_error_source_returns_404" time="0.009" /><testcase classname="tests.test_valuation" name="test_valuation_years_out_of_range" time="0.015" /></testsuite></testsuites>